---
source: rs/embedders/tests/instrumentation.rs
assertion_line: 53
expression: out
---
(module
  (type (;0;) (func (param i32) (result i32)))
  (type (;1;) (func))
  (type (;2;) (func (param i32 i32) (result i32)))
  (type (;3;) (func (param i64 i64 i32) (result i64)))
  (type (;4;) (func (param i32)))
  (type (;5;) (func (param i64 i64 i64)))
  (type (;6;) (func (param i64) (result i64)))
  (type (;7;) (func (param i32 i32) (result i32 i32)))
  (import "__" "out_of_instructions" (func $compute (;0;) (type 1)))
  (import "__" "try_grow_wasm_memory" (func $double (;1;) (type 2)))
  (import "__" "try_grow_stable_memory" (func (;2;) (type 3)))
  (import "__" "internal_trap" (func (;3;) (type 4)))
  (import "__" "stable_read_first_access" (func (;4;) (type 5)))
  (func (;5;) (type 0) (param i32) (result i32)
    (local i32 i32)
    global.get 0
    i64.const 19
    i64.sub
    global.set 0
    global.get 0
    i64.const 0
    i64.lt_s
    if ;; label = @1
      call $compute
    end
    i32.const 0
    local.set 1
    local.get 0
    local.get 0
    i32.mul
    i32.const 0
    local.get 0
    i32.sub
    local.get 0
    i32.const 666
    i32.gt_s
    select
    local.set 2
    block ;; label = @1
      local.get 0
      i32.const 1
      i32.lt_s
      br_if 0 (;@1;)
      loop ;; label = @2
        global.get 0
        i64.const 10
        i64.sub
        global.set 0
        global.get 0
        i64.const 0
        i64.lt_s
        if ;; label = @3
          call $compute
        end
        local.get 1
        i32.const -1
        i32.xor
        i32.const 1
        i32.and
        local.get 2
        i32.add
        local.set 2
        local.get 0
        local.get 1
        loop ;; label = @3
          global.get 0
          i64.const 8
          i64.sub
          global.set 0
          global.get 0
          i64.const 0
          i64.lt_s
          if ;; label = @4
            call $compute
          end
          i32.const 1
          drop
          i32.const 1
          drop
          i32.const 1
          drop
          i32.const 1
          drop
        end
        global.get 0
        i64.const 6
        i64.sub
        global.set 0
        i32.const 1
        i32.add
        local.tee 1
        i32.ne
        br_if 0 (;@2;)
      end
    end
    global.get 0
    i64.const 14
    i64.sub
    global.set 0
    local.get 2
    i32.const 97
    i32.mul
    i32.const 100
    i32.div_s
  )
  (func (;6;) (type 0) (param i32) (result i32)
    global.get 0
    i64.const 4
    i64.sub
    global.set 0
    global.get 0
    i64.const 0
    i64.lt_s
    if ;; label = @1
      call $compute
    end
    local.get 0
    local.get 0
    i32.mul
  )
  (func (;7;) (type 6) (param i64) (result i64)
    (local i64)
    global.get 0
    local.get 0
    i64.sub
    local.tee 1
    global.get 0
    i64.gt_s
    if (result i64) ;; label = @1
      i64.const -9223372036854775808
    else
      local.get 1
    end
    global.set 0
    global.get 0
    i64.const 0
    i64.lt_s
    if ;; label = @1
      call $compute
    end
    local.get 0
  )
  (func (;8;) (type 7) (param i32 i32) (result i32 i32)
    (local i32 i32 i32 i32)
    local.get 0
    local.get 1
    i32.ge_u
    if ;; label = @1
      i32.const 0
      i32.const 0
      return
    end
    local.get 0
    local.set 2
    loop ;; label = @1
      local.get 2
      i32.load8_u 2
      local.tee 3
      i32.const 1
      i32.and
      local.get 4
      i32.add
      local.set 4
      local.get 3
      i32.const 1
      i32.shr_u
      i32.const 1
      i32.and
      local.get 5
      i32.add
      local.set 5
      local.get 2
      i32.const 1
      i32.add
      local.tee 2
      local.get 1
      i32.lt_u
      br_if 0 (;@1;)
    end
    local.get 1
    local.get 0
    i32.sub
    local.get 4
    i32.sub
    local.get 1
    local.get 0
    i32.sub
    local.get 5
    i32.sub
  )
  (memory (;0;) 17)
  (memory (;1;) i64 0 6553600)
  (memory (;2;) 1600 1600)
  (global (;0;) (mut i64) i64.const 0)
  (global (;1;) (mut i64) i64.const 0)
  (global (;2;) (mut i64) i64.const 0)
  (export "memory" (memory 0))
  (export "compute" (func 5))
  (export "double" (func 6))
  (export "stable_memory" (memory 1))
  (export "stable_bytemap_memory" (memory 2))
  (export "canister counter_instructions" (global 0))
  (export "canister counter_dirty_pages" (global 1))
  (export "canister counter_accessed_pages" (global 2))
)
